// Jest Snapshot v1, https://goo.gl/fbAQLP

exports[`renders a git 1`] = `
<div
  className="card"
  style={
    Object {
      "width": "18rem",
    }
  }
>
  <div
    className="card-body"
  >
    <div
      className="card-title h5"
    >
      AndreTaq
    </div>
    <div
      className="mb-2 text-muted card-subtitle h6"
    >
      Card Subtitle
    </div>
    <p
      className="card-text"
    >
      Some quick example text to build on the card title and make up the bulk of the card's content.
    </p>
    <a
      className="card-link"
      href="#"
    >
      Card Link
    </a>
    <a
      className="card-link"
      href="#"
    >
      Another Link
    </a>
  </div>
</div>
`;

exports[`renders a gitub test 1`] = `
<div
  className="card"
  style={
    Object {
      "width": "18rem",
    }
  }
>
  <div
    className="card-body"
  >
    <div
      className="card-title h5"
    >
      AndreTaq
    </div>
    <div
      className="mb-2 text-muted card-subtitle h6"
    >
      Card Subtitle
    </div>
    <p
      className="card-text"
    >
      Some quick example text to build on the card title and make up the bulk of the card's content.
    </p>
    <a
      className="card-link"
      href="#"
    >
      Card Link
    </a>
    <a
      className="card-link"
      href="#"
    >
      Another Link
    </a>
  </div>
</div>
`;

exports[`renders a snapshot 1`] = `
<div
  className="App"
>
  <header
    className="App-header"
  >
    <img
      alt="logo"
      className="App-logo"
      src="logo.svg"
    />
    <p>
      Edit 
      <code>
        src/App.js
      </code>
       and save to reload.
    </p>
    <a
      className="App-link"
      href="https://reactjs.org"
      rel="noopener noreferrer"
      target="_blank"
    >
      Learn React
    </a>
  </header>
</div>
`;
